--------------------------------------------------------------------------------------
Timing Analyzer Summary
--------------------------------------------------------------------------------------

Type           : Worst-case tco
Slack          : N/A
Required Time  : None
Actual Time    : 13.624 ns
From           : ControlUnit:ControlUnit|state.Start
To             : ALUResult[30]
From Clock     : clock
To Clock       : --
Failed Paths   : 0

Type           : Clock Setup: 'clock'
Slack          : N/A
Required Time  : None
Actual Time    : 107.23 MHz ( period = 9.326 ns )
From           : ControlUnit:ControlUnit|nextstate.Decode_274
To             : ControlUnit:ControlUnit|state.Decode
From Clock     : clock
To Clock       : clock
Failed Paths   : 0

Type           : Clock Hold: 'clock'
Slack          : Not operational: Clock Skew > Data Delay
Required Time  : None
Actual Time    : N/A
From           : ControlUnit:ControlUnit|state.WaitMemRead
To             : ControlUnit:ControlUnit|nextstate.WaitMemRead2_204
From Clock     : clock
To Clock       : clock
Failed Paths   : 9

Type           : Total number of failed paths
Slack          : 
Required Time  : 
Actual Time    : 
From           : 
To             : 
From Clock     : 
To Clock       : 
Failed Paths   : 9

--------------------------------------------------------------------------------------

