--------------------------------------------------------------------------------------
Timing Analyzer Summary
--------------------------------------------------------------------------------------

Type           : Worst-case tco
Slack          : N/A
Required Time  : None
Actual Time    : 16.260 ns
From           : ControlUnit:ControlUnit|state.Addi
To             : ALUResult[29]
From Clock     : clock
To Clock       : --
Failed Paths   : 0

Type           : Clock Setup: 'clock'
Slack          : N/A
Required Time  : None
Actual Time    : 90.61 MHz ( period = 11.036 ns )
From           : ControlUnit:ControlUnit|nextstate.Break_426
To             : ControlUnit:ControlUnit|state.Break
From Clock     : clock
To Clock       : clock
Failed Paths   : 0

Type           : Clock Hold: 'clock'
Slack          : Not operational: Clock Skew > Data Delay
Required Time  : None
Actual Time    : N/A
From           : Instr_Reg:InstructionRegister|Instr15_0[4]
To             : ControlUnit:ControlUnit|nextstate.Rte_402
From Clock     : clock
To Clock       : clock
Failed Paths   : 59

Type           : Total number of failed paths
Slack          : 
Required Time  : 
Actual Time    : 
From           : 
To             : 
From Clock     : 
To Clock       : 
Failed Paths   : 59

--------------------------------------------------------------------------------------

