--------------------------------------------------------------------------------------
Timing Analyzer Summary
--------------------------------------------------------------------------------------

Type           : Worst-case tco
Slack          : N/A
Required Time  : None
Actual Time    : 13.990 ns
From           : ControlUnit:ControlUnit|state.Sub
To             : ALUResult[29]
From Clock     : clock
To Clock       : --
Failed Paths   : 0

Type           : Clock Setup: 'clock'
Slack          : N/A
Required Time  : None
Actual Time    : 85.82 MHz ( period = 11.652 ns )
From           : ControlUnit:ControlUnit|nextstate.Start_462
To             : ControlUnit:ControlUnit|state.Start
From Clock     : clock
To Clock       : clock
Failed Paths   : 0

Type           : Clock Hold: 'clock'
Slack          : Not operational: Clock Skew > Data Delay
Required Time  : None
Actual Time    : N/A
From           : ControlUnit:ControlUnit|state.WaitMemRead
To             : ControlUnit:ControlUnit|nextstate.WaitMemRead2_364
From Clock     : clock
To Clock       : clock
Failed Paths   : 44

Type           : Total number of failed paths
Slack          : 
Required Time  : 
Actual Time    : 
From           : 
To             : 
From Clock     : 
To Clock       : 
Failed Paths   : 44

--------------------------------------------------------------------------------------

